Copyright 1986-2022 Xilinx, Inc. All Rights Reserved. Copyright 2022-2025 Advanced Micro Devices, Inc. All Rights Reserved.
------------------------------------------------------------------------------------------------------------------------------------------------------------------------------------------------------------------------------------------
| Tool Version : Vivado v.2025.2 (win64) Build 6299465 Fri Nov 14 19:35:11 GMT 2025
| Date         : Mon Mar  2 12:15:45 2026
| Host         : C28-2TK41601DB running 64-bit major release  (build 9200)
| Command      : report_timing_summary -max_paths 10 -routable_nets -report_unconstrained -file top_basys3_timing_summary_routed.rpt -pb top_basys3_timing_summary_routed.pb -rpx top_basys3_timing_summary_routed.rpx -warn_on_violation
| Design       : top_basys3
| Device       : 7a12ti-csg325
| Speed File   : -1L  PRODUCTION 1.23 2018-06-13
| Design State : Routed
------------------------------------------------------------------------------------------------------------------------------------------------------------------------------------------------------------------------------------------

Timing Summary Report

------------------------------------------------------------------------------------------------
| Timer Settings
| --------------
------------------------------------------------------------------------------------------------

  Enable Multi Corner Analysis               :  Yes
  Enable Pessimism Removal                   :  Yes
  Pessimism Removal Resolution               :  Nearest Common Node
  Enable Input Delay Default Clock           :  No
  Enable Preset / Clear Arcs                 :  No
  Disable Flight Delays                      :  No
  Ignore I/O Paths                           :  No
  Timing Early Launch at Borrowing Latches   :  No
  Borrow Time for Max Delay Exceptions       :  Yes
  Merge Timing Exceptions                    :  Yes
  Inter-SLR Compensation                     :  Conservative

  Corner  Analyze    Analyze    
  Name    Max Paths  Min Paths  
  ------  ---------  ---------  
  Slow    Yes        Yes        
  Fast    Yes        Yes        


------------------------------------------------------------------------------------------------
| Report Methodology
| ------------------
------------------------------------------------------------------------------------------------

No report available as report_methodology has not been run prior. Run report_methodology on the current design for the summary of methodology violations.



check_timing report

Table of Contents
-----------------
1. checking no_clock (0)
2. checking constant_clock (0)
3. checking pulse_width_clock (0)
4. checking unconstrained_internal_endpoints (0)
5. checking no_input_delay (0)
6. checking no_output_delay (0)
7. checking multiple_clock (0)
8. checking generated_clocks (0)
9. checking loops (0)
10. checking partial_input_delay (0)
11. checking partial_output_delay (0)
12. checking latch_loops (0)

1. checking no_clock (0)
------------------------
 There are 0 register/latch pins with no clock.


2. checking constant_clock (0)
------------------------------
 There are 0 register/latch pins with constant_clock.


3. checking pulse_width_clock (0)
---------------------------------
 There are 0 register/latch pins which need pulse_width check


4. checking unconstrained_internal_endpoints (0)
------------------------------------------------
 There are 0 pins that are not constrained for maximum delay.

 There are 0 pins that are not constrained for maximum delay due to constant clock.


5. checking no_input_delay (0)
------------------------------
 There are 0 input ports with no input delay specified.

 There are 0 input ports with no input delay but user has a false path constraint.


6. checking no_output_delay (0)
-------------------------------
 There are 0 ports with no output delay specified.

 There are 0 ports with no output delay but user has a false path constraint

 There are 0 ports with no output delay but with a timing clock defined on it or propagating through it


7. checking multiple_clock (0)
------------------------------
 There are 0 register/latch pins with multiple clocks.


8. checking generated_clocks (0)
--------------------------------
 There are 0 generated clocks that are not connected to a clock source.


9. checking loops (0)
---------------------
 There are 0 combinational loops in the design.


10. checking partial_input_delay (0)
------------------------------------
 There are 0 input ports with partial input delay specified.


11. checking partial_output_delay (0)
-------------------------------------
 There are 0 ports with partial output delay specified.


12. checking latch_loops (0)
----------------------------
 There are 0 combinational latch loops in the design through latch input



------------------------------------------------------------------------------------------------
| Design Timing Summary
| ---------------------
------------------------------------------------------------------------------------------------

    WNS(ns)      TNS(ns)  TNS Failing Endpoints  TNS Total Endpoints      WHS(ns)      THS(ns)  THS Failing Endpoints  THS Total Endpoints     WPWS(ns)     TPWS(ns)  TPWS Failing Endpoints  TPWS Total Endpoints  
    -------      -------  ---------------------  -------------------      -------      -------  ---------------------  -------------------     --------     --------  ----------------------  --------------------  
        inf        0.000                      0                    8          inf        0.000                      0                    8           NA           NA                      NA                    NA  


There are no user specified timing constraints.


------------------------------------------------------------------------------------------------
| Clock Summary
| -------------
------------------------------------------------------------------------------------------------


------------------------------------------------------------------------------------------------
| Intra Clock Table
| -----------------
------------------------------------------------------------------------------------------------

Clock             WNS(ns)      TNS(ns)  TNS Failing Endpoints  TNS Total Endpoints      WHS(ns)      THS(ns)  THS Failing Endpoints  THS Total Endpoints     WPWS(ns)     TPWS(ns)  TPWS Failing Endpoints  TPWS Total Endpoints  
-----             -------      -------  ---------------------  -------------------      -------      -------  ---------------------  -------------------     --------     --------  ----------------------  --------------------  


------------------------------------------------------------------------------------------------
| Inter Clock Table
| -----------------
------------------------------------------------------------------------------------------------

From Clock    To Clock          WNS(ns)      TNS(ns)  TNS Failing Endpoints  TNS Total Endpoints      WHS(ns)      THS(ns)  THS Failing Endpoints  THS Total Endpoints  
----------    --------          -------      -------  ---------------------  -------------------      -------      -------  ---------------------  -------------------  


------------------------------------------------------------------------------------------------
| Other Path Groups Table
| -----------------------
------------------------------------------------------------------------------------------------

Path Group    From Clock    To Clock          WNS(ns)      TNS(ns)  TNS Failing Endpoints  TNS Total Endpoints      WHS(ns)      THS(ns)  THS Failing Endpoints  THS Total Endpoints  
----------    ----------    --------          -------      -------  ---------------------  -------------------      -------      -------  ---------------------  -------------------  


------------------------------------------------------------------------------------------------
| User Ignored Path Table
| -----------------------
------------------------------------------------------------------------------------------------

Path Group    From Clock    To Clock    
----------    ----------    --------    


------------------------------------------------------------------------------------------------
| Unconstrained Path Table
| ------------------------
------------------------------------------------------------------------------------------------

Path Group    From Clock    To Clock    
----------    ----------    --------    
(none)                                    


------------------------------------------------------------------------------------------------
| Timing Details
| --------------
------------------------------------------------------------------------------------------------


--------------------------------------------------------------------------------------
Path Group:  (none)
From Clock:  
  To Clock:  

Max Delay             8 Endpoints
Min Delay             8 Endpoints
--------------------------------------------------------------------------------------


Max Delay Paths
--------------------------------------------------------------------------------------
Slack:                    inf
  Source:                 sw[1]
                            (input port)
  Destination:            seg[6]
                            (output port)
  Path Group:             (none)
  Path Type:              Max at Slow Process Corner
  Data Path Delay:        10.429ns  (logic 5.365ns (51.441%)  route 5.064ns (48.559%))
  Logic Levels:           3  (IBUF=1 LUT4=1 OBUF=1)

    Location             Delay type                Incr(ns)  Path(ns)    Netlist Resource(s)
  -------------------------------------------------------------------    -------------------
    V16                                               0.000     0.000 r  sw[1] (IN)
                         net (fo=0)                   0.000     0.000    sw[1]
    V16                  IBUF (Prop_ibuf_I_O)         1.488     1.488 r  sw_IBUF[1]_inst/O
                         net (fo=7, routed)           1.790     3.278    decoder_uut/sw_IBUF[1]
    SLICE_X0Y5           LUT4 (Prop_lut4_I3_O)        0.154     3.432 r  decoder_uut/seg_OBUF[6]_inst_i_1/O
                         net (fo=1, routed)           3.274     6.706    seg_OBUF[6]
    U7                   OBUF (Prop_obuf_I_O)         3.723    10.429 r  seg_OBUF[6]_inst/O
                         net (fo=0)                   0.000    10.429    seg[6]
    U7                                                                r  seg[6] (OUT)
  -------------------------------------------------------------------    -------------------

Slack:                    inf
  Source:                 sw[0]
                            (input port)
  Destination:            seg[4]
                            (output port)
  Path Group:             (none)
  Path Type:              Max at Slow Process Corner
  Data Path Delay:        10.068ns  (logic 5.387ns (53.507%)  route 4.681ns (46.493%))
  Logic Levels:           3  (IBUF=1 LUT4=1 OBUF=1)

    Location             Delay type                Incr(ns)  Path(ns)    Netlist Resource(s)
  -------------------------------------------------------------------    -------------------
    V17                                               0.000     0.000 f  sw[0] (IN)
                         net (fo=0)                   0.000     0.000    sw[0]
    V17                  IBUF (Prop_ibuf_I_O)         1.487     1.487 f  sw_IBUF[0]_inst/O
                         net (fo=7, routed)           1.590     3.078    decoder_uut/sw_IBUF[0]
    SLICE_X0Y5           LUT4 (Prop_lut4_I1_O)        0.152     3.230 r  decoder_uut/seg_OBUF[4]_inst_i_1/O
                         net (fo=1, routed)           3.091     6.320    seg_OBUF[4]
    U5                   OBUF (Prop_obuf_I_O)         3.748    10.068 r  seg_OBUF[4]_inst/O
                         net (fo=0)                   0.000    10.068    seg[4]
    U5                                                                r  seg[4] (OUT)
  -------------------------------------------------------------------    -------------------

Slack:                    inf
  Source:                 sw[0]
                            (input port)
  Destination:            seg[3]
                            (output port)
  Path Group:             (none)
  Path Type:              Max at Slow Process Corner
  Data Path Delay:        10.043ns  (logic 5.145ns (51.225%)  route 4.899ns (48.775%))
  Logic Levels:           3  (IBUF=1 LUT4=1 OBUF=1)

    Location             Delay type                Incr(ns)  Path(ns)    Netlist Resource(s)
  -------------------------------------------------------------------    -------------------
    V17                                               0.000     0.000 r  sw[0] (IN)
                         net (fo=0)                   0.000     0.000    sw[0]
    V17                  IBUF (Prop_ibuf_I_O)         1.487     1.487 r  sw_IBUF[0]_inst/O
                         net (fo=7, routed)           1.590     3.078    decoder_uut/sw_IBUF[0]
    SLICE_X0Y5           LUT4 (Prop_lut4_I2_O)        0.124     3.202 r  decoder_uut/seg_OBUF[3]_inst_i_1/O
                         net (fo=1, routed)           3.308     6.510    seg_OBUF[3]
    V8                   OBUF (Prop_obuf_I_O)         3.533    10.043 r  seg_OBUF[3]_inst/O
                         net (fo=0)                   0.000    10.043    seg[3]
    V8                                                                r  seg[3] (OUT)
  -------------------------------------------------------------------    -------------------

Slack:                    inf
  Source:                 btnC
                            (input port)
  Destination:            an[0]
                            (output port)
  Path Group:             (none)
  Path Type:              Max at Slow Process Corner
  Data Path Delay:        9.973ns  (logic 5.143ns (51.572%)  route 4.830ns (48.428%))
  Logic Levels:           3  (IBUF=1 LUT1=1 OBUF=1)

    Location             Delay type                Incr(ns)  Path(ns)    Netlist Resource(s)
  -------------------------------------------------------------------    -------------------
    V13                                               0.000     0.000 f  btnC (IN)
                         net (fo=0)                   0.000     0.000    btnC
    V13                  IBUF (Prop_ibuf_I_O)         1.477     1.477 f  btnC_IBUF_inst/O
                         net (fo=1, routed)           2.079     3.556    btnC_IBUF
    SLICE_X18Y13         LUT1 (Prop_lut1_I0_O)        0.124     3.680 r  an_OBUF[0]_inst_i_1/O
                         net (fo=1, routed)           2.751     6.431    an_OBUF[0]
    U2                   OBUF (Prop_obuf_I_O)         3.542     9.973 r  an_OBUF[0]_inst/O
                         net (fo=0)                   0.000     9.973    an[0]
    U2                                                                r  an[0] (OUT)
  -------------------------------------------------------------------    -------------------

Slack:                    inf
  Source:                 sw[1]
                            (input port)
  Destination:            seg[0]
                            (output port)
  Path Group:             (none)
  Path Type:              Max at Slow Process Corner
  Data Path Delay:        8.774ns  (logic 5.131ns (58.480%)  route 3.643ns (41.520%))
  Logic Levels:           3  (IBUF=1 LUT4=1 OBUF=1)

    Location             Delay type                Incr(ns)  Path(ns)    Netlist Resource(s)
  -------------------------------------------------------------------    -------------------
    V16                                               0.000     0.000 r  sw[1] (IN)
                         net (fo=0)                   0.000     0.000    sw[1]
    V16                  IBUF (Prop_ibuf_I_O)         1.488     1.488 r  sw_IBUF[1]_inst/O
                         net (fo=7, routed)           1.785     3.273    sw_IBUF[1]
    SLICE_X0Y5           LUT4 (Prop_lut4_I0_O)        0.124     3.397 r  seg_OBUF[0]_inst_i_1/O
                         net (fo=1, routed)           1.858     5.255    seg_OBUF[0]
    U10                  OBUF (Prop_obuf_I_O)         3.519     8.774 r  seg_OBUF[0]_inst/O
                         net (fo=0)                   0.000     8.774    seg[0]
    U10                                                               r  seg[0] (OUT)
  -------------------------------------------------------------------    -------------------

Slack:                    inf
  Source:                 sw[1]
                            (input port)
  Destination:            seg[5]
                            (output port)
  Path Group:             (none)
  Path Type:              Max at Slow Process Corner
  Data Path Delay:        8.739ns  (logic 5.140ns (58.821%)  route 3.599ns (41.179%))
  Logic Levels:           3  (IBUF=1 LUT4=1 OBUF=1)

    Location             Delay type                Incr(ns)  Path(ns)    Netlist Resource(s)
  -------------------------------------------------------------------    -------------------
    V16                                               0.000     0.000 r  sw[1] (IN)
                         net (fo=0)                   0.000     0.000    sw[1]
    V16                  IBUF (Prop_ibuf_I_O)         1.488     1.488 r  sw_IBUF[1]_inst/O
                         net (fo=7, routed)           1.790     3.278    decoder_uut/sw_IBUF[1]
    SLICE_X0Y5           LUT4 (Prop_lut4_I3_O)        0.124     3.402 r  decoder_uut/seg_OBUF[5]_inst_i_1/O
                         net (fo=1, routed)           1.809     5.211    seg_OBUF[5]
    V11                  OBUF (Prop_obuf_I_O)         3.528     8.739 r  seg_OBUF[5]_inst/O
                         net (fo=0)                   0.000     8.739    seg[5]
    V11                                                               r  seg[5] (OUT)
  -------------------------------------------------------------------    -------------------

Slack:                    inf
  Source:                 sw[0]
                            (input port)
  Destination:            seg[1]
                            (output port)
  Path Group:             (none)
  Path Type:              Max at Slow Process Corner
  Data Path Delay:        8.696ns  (logic 5.390ns (61.983%)  route 3.306ns (38.017%))
  Logic Levels:           3  (IBUF=1 LUT4=1 OBUF=1)

    Location             Delay type                Incr(ns)  Path(ns)    Netlist Resource(s)
  -------------------------------------------------------------------    -------------------
    V17                                               0.000     0.000 r  sw[0] (IN)
                         net (fo=0)                   0.000     0.000    sw[0]
    V17                  IBUF (Prop_ibuf_I_O)         1.487     1.487 r  sw_IBUF[0]_inst/O
                         net (fo=7, routed)           1.588     3.075    decoder_uut/sw_IBUF[0]
    SLICE_X0Y5           LUT4 (Prop_lut4_I2_O)        0.152     3.227 r  decoder_uut/seg_OBUF[1]_inst_i_1/O
                         net (fo=1, routed)           1.718     4.945    seg_OBUF[1]
    V9                   OBUF (Prop_obuf_I_O)         3.751     8.696 r  seg_OBUF[1]_inst/O
                         net (fo=0)                   0.000     8.696    seg[1]
    V9                                                                r  seg[1] (OUT)
  -------------------------------------------------------------------    -------------------

Slack:                    inf
  Source:                 sw[0]
                            (input port)
  Destination:            seg[2]
                            (output port)
  Path Group:             (none)
  Path Type:              Max at Slow Process Corner
  Data Path Delay:        8.471ns  (logic 5.159ns (60.898%)  route 3.312ns (39.102%))
  Logic Levels:           3  (IBUF=1 LUT4=1 OBUF=1)

    Location             Delay type                Incr(ns)  Path(ns)    Netlist Resource(s)
  -------------------------------------------------------------------    -------------------
    V17                                               0.000     0.000 r  sw[0] (IN)
                         net (fo=0)                   0.000     0.000    sw[0]
    V17                  IBUF (Prop_ibuf_I_O)         1.487     1.487 r  sw_IBUF[0]_inst/O
                         net (fo=7, routed)           1.588     3.075    decoder_uut/sw_IBUF[0]
    SLICE_X0Y5           LUT4 (Prop_lut4_I3_O)        0.124     3.199 r  decoder_uut/seg_OBUF[2]_inst_i_1/O
                         net (fo=1, routed)           1.725     4.923    seg_OBUF[2]
    U9                   OBUF (Prop_obuf_I_O)         3.547     8.471 r  seg_OBUF[2]_inst/O
                         net (fo=0)                   0.000     8.471    seg[2]
    U9                                                                r  seg[2] (OUT)
  -------------------------------------------------------------------    -------------------





Min Delay Paths
--------------------------------------------------------------------------------------
Slack:                    inf
  Source:                 sw[2]
                            (input port)
  Destination:            seg[2]
                            (output port)
  Path Group:             (none)
  Path Type:              Min at Fast Process Corner
  Data Path Delay:        2.254ns  (logic 1.530ns (67.868%)  route 0.724ns (32.132%))
  Logic Levels:           3  (IBUF=1 LUT4=1 OBUF=1)

    Location             Delay type                Incr(ns)  Path(ns)    Netlist Resource(s)
  -------------------------------------------------------------------    -------------------
    U12                                               0.000     0.000 r  sw[2] (IN)
                         net (fo=0)                   0.000     0.000    sw[2]
    U12                  IBUF (Prop_ibuf_I_O)         0.237     0.237 r  sw_IBUF[2]_inst/O
                         net (fo=7, routed)           0.373     0.609    decoder_uut/sw_IBUF[2]
    SLICE_X0Y5           LUT4 (Prop_lut4_I2_O)        0.045     0.654 r  decoder_uut/seg_OBUF[2]_inst_i_1/O
                         net (fo=1, routed)           0.352     1.006    seg_OBUF[2]
    U9                   OBUF (Prop_obuf_I_O)         1.248     2.254 r  seg_OBUF[2]_inst/O
                         net (fo=0)                   0.000     2.254    seg[2]
    U9                                                                r  seg[2] (OUT)
  -------------------------------------------------------------------    -------------------

Slack:                    inf
  Source:                 sw[3]
                            (input port)
  Destination:            seg[0]
                            (output port)
  Path Group:             (none)
  Path Type:              Min at Fast Process Corner
  Data Path Delay:        2.296ns  (logic 1.501ns (65.383%)  route 0.795ns (34.617%))
  Logic Levels:           3  (IBUF=1 LUT4=1 OBUF=1)

    Location             Delay type                Incr(ns)  Path(ns)    Netlist Resource(s)
  -------------------------------------------------------------------    -------------------
    T12                                               0.000     0.000 f  sw[3] (IN)
                         net (fo=0)                   0.000     0.000    sw[3]
    T12                  IBUF (Prop_ibuf_I_O)         0.236     0.236 f  sw_IBUF[3]_inst/O
                         net (fo=7, routed)           0.381     0.617    sw_IBUF[3]
    SLICE_X0Y5           LUT4 (Prop_lut4_I3_O)        0.045     0.662 r  seg_OBUF[0]_inst_i_1/O
                         net (fo=1, routed)           0.414     1.076    seg_OBUF[0]
    U10                  OBUF (Prop_obuf_I_O)         1.220     2.296 r  seg_OBUF[0]_inst/O
                         net (fo=0)                   0.000     2.296    seg[0]
    U10                                                               r  seg[0] (OUT)
  -------------------------------------------------------------------    -------------------

Slack:                    inf
  Source:                 sw[2]
                            (input port)
  Destination:            seg[1]
                            (output port)
  Path Group:             (none)
  Path Type:              Min at Fast Process Corner
  Data Path Delay:        2.328ns  (logic 1.596ns (68.586%)  route 0.731ns (31.414%))
  Logic Levels:           3  (IBUF=1 LUT4=1 OBUF=1)

    Location             Delay type                Incr(ns)  Path(ns)    Netlist Resource(s)
  -------------------------------------------------------------------    -------------------
    U12                                               0.000     0.000 r  sw[2] (IN)
                         net (fo=0)                   0.000     0.000    sw[2]
    U12                  IBUF (Prop_ibuf_I_O)         0.237     0.237 r  sw_IBUF[2]_inst/O
                         net (fo=7, routed)           0.373     0.609    decoder_uut/sw_IBUF[2]
    SLICE_X0Y5           LUT4 (Prop_lut4_I1_O)        0.048     0.657 r  decoder_uut/seg_OBUF[1]_inst_i_1/O
                         net (fo=1, routed)           0.358     1.016    seg_OBUF[1]
    V9                   OBUF (Prop_obuf_I_O)         1.312     2.328 r  seg_OBUF[1]_inst/O
                         net (fo=0)                   0.000     2.328    seg[1]
    V9                                                                r  seg[1] (OUT)
  -------------------------------------------------------------------    -------------------

Slack:                    inf
  Source:                 sw[3]
                            (input port)
  Destination:            seg[5]
                            (output port)
  Path Group:             (none)
  Path Type:              Min at Fast Process Corner
  Data Path Delay:        2.367ns  (logic 1.511ns (63.826%)  route 0.856ns (36.174%))
  Logic Levels:           3  (IBUF=1 LUT4=1 OBUF=1)

    Location             Delay type                Incr(ns)  Path(ns)    Netlist Resource(s)
  -------------------------------------------------------------------    -------------------
    T12                                               0.000     0.000 r  sw[3] (IN)
                         net (fo=0)                   0.000     0.000    sw[3]
    T12                  IBUF (Prop_ibuf_I_O)         0.236     0.236 r  sw_IBUF[3]_inst/O
                         net (fo=7, routed)           0.465     0.701    decoder_uut/sw_IBUF[3]
    SLICE_X0Y5           LUT4 (Prop_lut4_I0_O)        0.045     0.746 r  decoder_uut/seg_OBUF[5]_inst_i_1/O
                         net (fo=1, routed)           0.392     1.138    seg_OBUF[5]
    V11                  OBUF (Prop_obuf_I_O)         1.229     2.367 r  seg_OBUF[5]_inst/O
                         net (fo=0)                   0.000     2.367    seg[5]
    V11                                                               r  seg[5] (OUT)
  -------------------------------------------------------------------    -------------------

Slack:                    inf
  Source:                 sw[2]
                            (input port)
  Destination:            seg[4]
                            (output port)
  Path Group:             (none)
  Path Type:              Min at Fast Process Corner
  Data Path Delay:        3.065ns  (logic 1.587ns (51.792%)  route 1.478ns (48.208%))
  Logic Levels:           3  (IBUF=1 LUT4=1 OBUF=1)

    Location             Delay type                Incr(ns)  Path(ns)    Netlist Resource(s)
  -------------------------------------------------------------------    -------------------
    U12                                               0.000     0.000 r  sw[2] (IN)
                         net (fo=0)                   0.000     0.000    sw[2]
    U12                  IBUF (Prop_ibuf_I_O)         0.237     0.237 r  sw_IBUF[2]_inst/O
                         net (fo=7, routed)           0.434     0.671    decoder_uut/sw_IBUF[2]
    SLICE_X0Y5           LUT4 (Prop_lut4_I3_O)        0.043     0.714 r  decoder_uut/seg_OBUF[4]_inst_i_1/O
                         net (fo=1, routed)           1.044     1.757    seg_OBUF[4]
    U5                   OBUF (Prop_obuf_I_O)         1.308     3.065 r  seg_OBUF[4]_inst/O
                         net (fo=0)                   0.000     3.065    seg[4]
    U5                                                                r  seg[4] (OUT)
  -------------------------------------------------------------------    -------------------

Slack:                    inf
  Source:                 sw[2]
                            (input port)
  Destination:            seg[3]
                            (output port)
  Path Group:             (none)
  Path Type:              Min at Fast Process Corner
  Data Path Delay:        3.150ns  (logic 1.516ns (48.125%)  route 1.634ns (51.875%))
  Logic Levels:           3  (IBUF=1 LUT4=1 OBUF=1)

    Location             Delay type                Incr(ns)  Path(ns)    Netlist Resource(s)
  -------------------------------------------------------------------    -------------------
    U12                                               0.000     0.000 r  sw[2] (IN)
                         net (fo=0)                   0.000     0.000    sw[2]
    U12                  IBUF (Prop_ibuf_I_O)         0.237     0.237 r  sw_IBUF[2]_inst/O
                         net (fo=7, routed)           0.434     0.671    decoder_uut/sw_IBUF[2]
    SLICE_X0Y5           LUT4 (Prop_lut4_I1_O)        0.045     0.716 r  decoder_uut/seg_OBUF[3]_inst_i_1/O
                         net (fo=1, routed)           1.200     1.916    seg_OBUF[3]
    V8                   OBUF (Prop_obuf_I_O)         1.234     3.150 r  seg_OBUF[3]_inst/O
                         net (fo=0)                   0.000     3.150    seg[3]
    V8                                                                r  seg[3] (OUT)
  -------------------------------------------------------------------    -------------------

Slack:                    inf
  Source:                 sw[3]
                            (input port)
  Destination:            seg[6]
                            (output port)
  Path Group:             (none)
  Path Type:              Min at Fast Process Corner
  Data Path Delay:        3.201ns  (logic 1.567ns (48.959%)  route 1.634ns (51.041%))
  Logic Levels:           3  (IBUF=1 LUT4=1 OBUF=1)

    Location             Delay type                Incr(ns)  Path(ns)    Netlist Resource(s)
  -------------------------------------------------------------------    -------------------
    T12                                               0.000     0.000 r  sw[3] (IN)
                         net (fo=0)                   0.000     0.000    sw[3]
    T12                  IBUF (Prop_ibuf_I_O)         0.236     0.236 r  sw_IBUF[3]_inst/O
                         net (fo=7, routed)           0.465     0.701    decoder_uut/sw_IBUF[3]
    SLICE_X0Y5           LUT4 (Prop_lut4_I0_O)        0.045     0.746 r  decoder_uut/seg_OBUF[6]_inst_i_1/O
                         net (fo=1, routed)           1.169     1.915    seg_OBUF[6]
    U7                   OBUF (Prop_obuf_I_O)         1.286     3.201 r  seg_OBUF[6]_inst/O
                         net (fo=0)                   0.000     3.201    seg[6]
    U7                                                                r  seg[6] (OUT)
  -------------------------------------------------------------------    -------------------

Slack:                    inf
  Source:                 btnC
                            (input port)
  Destination:            an[0]
                            (output port)
  Path Group:             (none)
  Path Type:              Min at Fast Process Corner
  Data Path Delay:        3.316ns  (logic 1.533ns (46.220%)  route 1.784ns (53.780%))
  Logic Levels:           3  (IBUF=1 LUT1=1 OBUF=1)

    Location             Delay type                Incr(ns)  Path(ns)    Netlist Resource(s)
  -------------------------------------------------------------------    -------------------
    V13                                               0.000     0.000 f  btnC (IN)
                         net (fo=0)                   0.000     0.000    btnC
    V13                  IBUF (Prop_ibuf_I_O)         0.245     0.245 f  btnC_IBUF_inst/O
                         net (fo=1, routed)           0.916     1.161    btnC_IBUF
    SLICE_X18Y13         LUT1 (Prop_lut1_I0_O)        0.045     1.206 r  an_OBUF[0]_inst_i_1/O
                         net (fo=1, routed)           0.868     2.074    an_OBUF[0]
    U2                   OBUF (Prop_obuf_I_O)         1.243     3.316 r  an_OBUF[0]_inst/O
                         net (fo=0)                   0.000     3.316    an[0]
    U2                                                                r  an[0] (OUT)
  -------------------------------------------------------------------    -------------------





