Copyright 1986-2022 Xilinx, Inc. All Rights Reserved. Copyright 2022-2025 Advanced Micro Devices, Inc. All Rights Reserved.
------------------------------------------------------------------------------------------------------------------------------------------------------------------------------------------------------------------------------------------
| Tool Version : Vivado v.2025.2 (win64) Build 6299465 Fri Nov 14 19:35:11 GMT 2025
| Date         : Mon Mar  2 12:53:56 2026
| Host         : C28-2TK41601DB running 64-bit major release  (build 9200)
| Command      : report_timing_summary -max_paths 10 -routable_nets -report_unconstrained -file top_basys3_timing_summary_routed.rpt -pb top_basys3_timing_summary_routed.pb -rpx top_basys3_timing_summary_routed.rpx -warn_on_violation
| Design       : top_basys3
| Device       : 7a35t-cpg236
| Speed File   : -1  PRODUCTION 1.23 2018-06-13
| Design State : Routed
------------------------------------------------------------------------------------------------------------------------------------------------------------------------------------------------------------------------------------------

Timing Summary Report

------------------------------------------------------------------------------------------------
| Timer Settings
| --------------
------------------------------------------------------------------------------------------------

  Enable Multi Corner Analysis               :  Yes
  Enable Pessimism Removal                   :  Yes
  Pessimism Removal Resolution               :  Nearest Common Node
  Enable Input Delay Default Clock           :  No
  Enable Preset / Clear Arcs                 :  No
  Disable Flight Delays                      :  No
  Ignore I/O Paths                           :  No
  Timing Early Launch at Borrowing Latches   :  No
  Borrow Time for Max Delay Exceptions       :  Yes
  Merge Timing Exceptions                    :  Yes
  Inter-SLR Compensation                     :  Conservative

  Corner  Analyze    Analyze    
  Name    Max Paths  Min Paths  
  ------  ---------  ---------  
  Slow    Yes        Yes        
  Fast    Yes        Yes        


------------------------------------------------------------------------------------------------
| Report Methodology
| ------------------
------------------------------------------------------------------------------------------------

No report available as report_methodology has not been run prior. Run report_methodology on the current design for the summary of methodology violations.



check_timing report

Table of Contents
-----------------
1. checking no_clock (0)
2. checking constant_clock (0)
3. checking pulse_width_clock (0)
4. checking unconstrained_internal_endpoints (0)
5. checking no_input_delay (0)
6. checking no_output_delay (0)
7. checking multiple_clock (0)
8. checking generated_clocks (0)
9. checking loops (0)
10. checking partial_input_delay (0)
11. checking partial_output_delay (0)
12. checking latch_loops (0)

1. checking no_clock (0)
------------------------
 There are 0 register/latch pins with no clock.


2. checking constant_clock (0)
------------------------------
 There are 0 register/latch pins with constant_clock.


3. checking pulse_width_clock (0)
---------------------------------
 There are 0 register/latch pins which need pulse_width check


4. checking unconstrained_internal_endpoints (0)
------------------------------------------------
 There are 0 pins that are not constrained for maximum delay.

 There are 0 pins that are not constrained for maximum delay due to constant clock.


5. checking no_input_delay (0)
------------------------------
 There are 0 input ports with no input delay specified.

 There are 0 input ports with no input delay but user has a false path constraint.


6. checking no_output_delay (0)
-------------------------------
 There are 0 ports with no output delay specified.

 There are 0 ports with no output delay but user has a false path constraint

 There are 0 ports with no output delay but with a timing clock defined on it or propagating through it


7. checking multiple_clock (0)
------------------------------
 There are 0 register/latch pins with multiple clocks.


8. checking generated_clocks (0)
--------------------------------
 There are 0 generated clocks that are not connected to a clock source.


9. checking loops (0)
---------------------
 There are 0 combinational loops in the design.


10. checking partial_input_delay (0)
------------------------------------
 There are 0 input ports with partial input delay specified.


11. checking partial_output_delay (0)
-------------------------------------
 There are 0 ports with partial output delay specified.


12. checking latch_loops (0)
----------------------------
 There are 0 combinational latch loops in the design through latch input



------------------------------------------------------------------------------------------------
| Design Timing Summary
| ---------------------
------------------------------------------------------------------------------------------------

    WNS(ns)      TNS(ns)  TNS Failing Endpoints  TNS Total Endpoints      WHS(ns)      THS(ns)  THS Failing Endpoints  THS Total Endpoints     WPWS(ns)     TPWS(ns)  TPWS Failing Endpoints  TPWS Total Endpoints  
    -------      -------  ---------------------  -------------------      -------      -------  ---------------------  -------------------     --------     --------  ----------------------  --------------------  
        inf        0.000                      0                    8          inf        0.000                      0                    8           NA           NA                      NA                    NA  


There are no user specified timing constraints.


------------------------------------------------------------------------------------------------
| Clock Summary
| -------------
------------------------------------------------------------------------------------------------


------------------------------------------------------------------------------------------------
| Intra Clock Table
| -----------------
------------------------------------------------------------------------------------------------

Clock             WNS(ns)      TNS(ns)  TNS Failing Endpoints  TNS Total Endpoints      WHS(ns)      THS(ns)  THS Failing Endpoints  THS Total Endpoints     WPWS(ns)     TPWS(ns)  TPWS Failing Endpoints  TPWS Total Endpoints  
-----             -------      -------  ---------------------  -------------------      -------      -------  ---------------------  -------------------     --------     --------  ----------------------  --------------------  


------------------------------------------------------------------------------------------------
| Inter Clock Table
| -----------------
------------------------------------------------------------------------------------------------

From Clock    To Clock          WNS(ns)      TNS(ns)  TNS Failing Endpoints  TNS Total Endpoints      WHS(ns)      THS(ns)  THS Failing Endpoints  THS Total Endpoints  
----------    --------          -------      -------  ---------------------  -------------------      -------      -------  ---------------------  -------------------  


------------------------------------------------------------------------------------------------
| Other Path Groups Table
| -----------------------
------------------------------------------------------------------------------------------------

Path Group    From Clock    To Clock          WNS(ns)      TNS(ns)  TNS Failing Endpoints  TNS Total Endpoints      WHS(ns)      THS(ns)  THS Failing Endpoints  THS Total Endpoints  
----------    ----------    --------          -------      -------  ---------------------  -------------------      -------      -------  ---------------------  -------------------  


------------------------------------------------------------------------------------------------
| User Ignored Path Table
| -----------------------
------------------------------------------------------------------------------------------------

Path Group    From Clock    To Clock    
----------    ----------    --------    


------------------------------------------------------------------------------------------------
| Unconstrained Path Table
| ------------------------
------------------------------------------------------------------------------------------------

Path Group    From Clock    To Clock    
----------    ----------    --------    
(none)                                    


------------------------------------------------------------------------------------------------
| Timing Details
| --------------
------------------------------------------------------------------------------------------------


--------------------------------------------------------------------------------------
Path Group:  (none)
From Clock:  
  To Clock:  

Max Delay             8 Endpoints
Min Delay             8 Endpoints
--------------------------------------------------------------------------------------


Max Delay Paths
--------------------------------------------------------------------------------------
Slack:                    inf
  Source:                 sw[3]
                            (input port)
  Destination:            seg[6]
                            (output port)
  Path Group:             (none)
  Path Type:              Max at Slow Process Corner
  Data Path Delay:        11.087ns  (logic 5.316ns (47.949%)  route 5.771ns (52.051%))
  Logic Levels:           3  (IBUF=1 LUT4=1 OBUF=1)

    Location             Delay type                Incr(ns)  Path(ns)    Netlist Resource(s)
  -------------------------------------------------------------------    -------------------
    W17                                               0.000     0.000 r  sw[3] (IN)
                         net (fo=0)                   0.000     0.000    sw[3]
    W17                  IBUF (Prop_ibuf_I_O)         1.448     1.448 r  sw_IBUF[3]_inst/O
                         net (fo=7, routed)           3.885     5.333    decoder_uut/sw_IBUF[3]
    SLICE_X65Y17         LUT4 (Prop_lut4_I0_O)        0.154     5.487 r  decoder_uut/seg_OBUF[6]_inst_i_1/O
                         net (fo=1, routed)           1.886     7.373    seg_OBUF[6]
    W7                   OBUF (Prop_obuf_I_O)         3.714    11.087 r  seg_OBUF[6]_inst/O
                         net (fo=0)                   0.000    11.087    seg[6]
    W7                                                                r  seg[6] (OUT)
  -------------------------------------------------------------------    -------------------

Slack:                    inf
  Source:                 sw[3]
                            (input port)
  Destination:            seg[4]
                            (output port)
  Path Group:             (none)
  Path Type:              Max at Slow Process Corner
  Data Path Delay:        10.895ns  (logic 5.344ns (49.045%)  route 5.552ns (50.955%))
  Logic Levels:           3  (IBUF=1 LUT4=1 OBUF=1)

    Location             Delay type                Incr(ns)  Path(ns)    Netlist Resource(s)
  -------------------------------------------------------------------    -------------------
    W17                                               0.000     0.000 r  sw[3] (IN)
                         net (fo=0)                   0.000     0.000    sw[3]
    W17                  IBUF (Prop_ibuf_I_O)         1.448     1.448 r  sw_IBUF[3]_inst/O
                         net (fo=7, routed)           3.694     5.143    decoder_uut/sw_IBUF[3]
    SLICE_X65Y17         LUT4 (Prop_lut4_I0_O)        0.152     5.295 r  decoder_uut/seg_OBUF[4]_inst_i_1/O
                         net (fo=1, routed)           1.857     7.152    seg_OBUF[4]
    U8                   OBUF (Prop_obuf_I_O)         3.743    10.895 r  seg_OBUF[4]_inst/O
                         net (fo=0)                   0.000    10.895    seg[4]
    U8                                                                r  seg[4] (OUT)
  -------------------------------------------------------------------    -------------------

Slack:                    inf
  Source:                 sw[3]
                            (input port)
  Destination:            seg[5]
                            (output port)
  Path Group:             (none)
  Path Type:              Max at Slow Process Corner
  Data Path Delay:        10.848ns  (logic 5.102ns (47.030%)  route 5.746ns (52.970%))
  Logic Levels:           3  (IBUF=1 LUT4=1 OBUF=1)

    Location             Delay type                Incr(ns)  Path(ns)    Netlist Resource(s)
  -------------------------------------------------------------------    -------------------
    W17                                               0.000     0.000 r  sw[3] (IN)
                         net (fo=0)                   0.000     0.000    sw[3]
    W17                  IBUF (Prop_ibuf_I_O)         1.448     1.448 r  sw_IBUF[3]_inst/O
                         net (fo=7, routed)           3.885     5.333    decoder_uut/sw_IBUF[3]
    SLICE_X65Y17         LUT4 (Prop_lut4_I0_O)        0.124     5.457 r  decoder_uut/seg_OBUF[5]_inst_i_1/O
                         net (fo=1, routed)           1.861     7.318    seg_OBUF[5]
    W6                   OBUF (Prop_obuf_I_O)         3.529    10.848 r  seg_OBUF[5]_inst/O
                         net (fo=0)                   0.000    10.848    seg[5]
    W6                                                                r  seg[5] (OUT)
  -------------------------------------------------------------------    -------------------

Slack:                    inf
  Source:                 sw[3]
                            (input port)
  Destination:            seg[3]
                            (output port)
  Path Group:             (none)
  Path Type:              Max at Slow Process Corner
  Data Path Delay:        10.667ns  (logic 5.108ns (47.885%)  route 5.559ns (52.115%))
  Logic Levels:           3  (IBUF=1 LUT4=1 OBUF=1)

    Location             Delay type                Incr(ns)  Path(ns)    Netlist Resource(s)
  -------------------------------------------------------------------    -------------------
    W17                                               0.000     0.000 r  sw[3] (IN)
                         net (fo=0)                   0.000     0.000    sw[3]
    W17                  IBUF (Prop_ibuf_I_O)         1.448     1.448 r  sw_IBUF[3]_inst/O
                         net (fo=7, routed)           3.694     5.143    decoder_uut/sw_IBUF[3]
    SLICE_X65Y17         LUT4 (Prop_lut4_I0_O)        0.124     5.267 r  decoder_uut/seg_OBUF[3]_inst_i_1/O
                         net (fo=1, routed)           1.865     7.132    seg_OBUF[3]
    V8                   OBUF (Prop_obuf_I_O)         3.536    10.667 r  seg_OBUF[3]_inst/O
                         net (fo=0)                   0.000    10.667    seg[3]
    V8                                                                r  seg[3] (OUT)
  -------------------------------------------------------------------    -------------------

Slack:                    inf
  Source:                 sw[3]
                            (input port)
  Destination:            seg[1]
                            (output port)
  Path Group:             (none)
  Path Type:              Max at Slow Process Corner
  Data Path Delay:        10.666ns  (logic 5.307ns (49.755%)  route 5.359ns (50.245%))
  Logic Levels:           3  (IBUF=1 LUT4=1 OBUF=1)

    Location             Delay type                Incr(ns)  Path(ns)    Netlist Resource(s)
  -------------------------------------------------------------------    -------------------
    W17                                               0.000     0.000 r  sw[3] (IN)
                         net (fo=0)                   0.000     0.000    sw[3]
    W17                  IBUF (Prop_ibuf_I_O)         1.448     1.448 r  sw_IBUF[3]_inst/O
                         net (fo=7, routed)           3.695     5.144    decoder_uut/sw_IBUF[3]
    SLICE_X65Y17         LUT4 (Prop_lut4_I0_O)        0.152     5.296 r  decoder_uut/seg_OBUF[1]_inst_i_1/O
                         net (fo=1, routed)           1.664     6.960    seg_OBUF[1]
    V5                   OBUF (Prop_obuf_I_O)         3.706    10.666 r  seg_OBUF[1]_inst/O
                         net (fo=0)                   0.000    10.666    seg[1]
    V5                                                                r  seg[1] (OUT)
  -------------------------------------------------------------------    -------------------

Slack:                    inf
  Source:                 btnC
                            (input port)
  Destination:            an[0]
                            (output port)
  Path Group:             (none)
  Path Type:              Max at Slow Process Corner
  Data Path Delay:        10.532ns  (logic 5.068ns (48.122%)  route 5.464ns (51.878%))
  Logic Levels:           3  (IBUF=1 LUT1=1 OBUF=1)

    Location             Delay type                Incr(ns)  Path(ns)    Netlist Resource(s)
  -------------------------------------------------------------------    -------------------
    U18                                               0.000     0.000 f  btnC (IN)
                         net (fo=0)                   0.000     0.000    btnC
    U18                  IBUF (Prop_ibuf_I_O)         1.441     1.441 f  btnC_IBUF_inst/O
                         net (fo=1, routed)           2.351     3.792    btnC_IBUF
    SLICE_X32Y22         LUT1 (Prop_lut1_I0_O)        0.124     3.916 r  an_OBUF[0]_inst_i_1/O
                         net (fo=1, routed)           3.113     7.029    an_OBUF[0]
    U2                   OBUF (Prop_obuf_I_O)         3.503    10.532 r  an_OBUF[0]_inst/O
                         net (fo=0)                   0.000    10.532    an[0]
    U2                                                                r  an[0] (OUT)
  -------------------------------------------------------------------    -------------------

Slack:                    inf
  Source:                 sw[3]
                            (input port)
  Destination:            seg[2]
                            (output port)
  Path Group:             (none)
  Path Type:              Max at Slow Process Corner
  Data Path Delay:        10.460ns  (logic 5.092ns (48.686%)  route 5.367ns (51.314%))
  Logic Levels:           3  (IBUF=1 LUT4=1 OBUF=1)

    Location             Delay type                Incr(ns)  Path(ns)    Netlist Resource(s)
  -------------------------------------------------------------------    -------------------
    W17                                               0.000     0.000 f  sw[3] (IN)
                         net (fo=0)                   0.000     0.000    sw[3]
    W17                  IBUF (Prop_ibuf_I_O)         1.448     1.448 f  sw_IBUF[3]_inst/O
                         net (fo=7, routed)           3.695     5.144    decoder_uut/sw_IBUF[3]
    SLICE_X65Y17         LUT4 (Prop_lut4_I0_O)        0.124     5.268 r  decoder_uut/seg_OBUF[2]_inst_i_1/O
                         net (fo=1, routed)           1.672     6.940    seg_OBUF[2]
    U5                   OBUF (Prop_obuf_I_O)         3.520    10.460 r  seg_OBUF[2]_inst/O
                         net (fo=0)                   0.000    10.460    seg[2]
    U5                                                                r  seg[2] (OUT)
  -------------------------------------------------------------------    -------------------

Slack:                    inf
  Source:                 sw[3]
                            (input port)
  Destination:            seg[0]
                            (output port)
  Path Group:             (none)
  Path Type:              Max at Slow Process Corner
  Data Path Delay:        10.094ns  (logic 5.104ns (50.563%)  route 4.990ns (49.437%))
  Logic Levels:           3  (IBUF=1 LUT4=1 OBUF=1)

    Location             Delay type                Incr(ns)  Path(ns)    Netlist Resource(s)
  -------------------------------------------------------------------    -------------------
    W17                                               0.000     0.000 f  sw[3] (IN)
                         net (fo=0)                   0.000     0.000    sw[3]
    W17                  IBUF (Prop_ibuf_I_O)         1.448     1.448 f  sw_IBUF[3]_inst/O
                         net (fo=7, routed)           3.326     4.774    sw_IBUF[3]
    SLICE_X65Y12         LUT4 (Prop_lut4_I3_O)        0.124     4.898 r  seg_OBUF[0]_inst_i_1/O
                         net (fo=1, routed)           1.664     6.563    seg_OBUF[0]
    U7                   OBUF (Prop_obuf_I_O)         3.531    10.094 r  seg_OBUF[0]_inst/O
                         net (fo=0)                   0.000    10.094    seg[0]
    U7                                                                r  seg[0] (OUT)
  -------------------------------------------------------------------    -------------------





Min Delay Paths
--------------------------------------------------------------------------------------
Slack:                    inf
  Source:                 sw[0]
                            (input port)
  Destination:            seg[0]
                            (output port)
  Path Group:             (none)
  Path Type:              Min at Fast Process Corner
  Data Path Delay:        3.129ns  (logic 1.498ns (47.879%)  route 1.631ns (52.121%))
  Logic Levels:           3  (IBUF=1 LUT4=1 OBUF=1)

    Location             Delay type                Incr(ns)  Path(ns)    Netlist Resource(s)
  -------------------------------------------------------------------    -------------------
    V17                                               0.000     0.000 r  sw[0] (IN)
                         net (fo=0)                   0.000     0.000    sw[0]
    V17                  IBUF (Prop_ibuf_I_O)         0.221     0.221 r  sw_IBUF[0]_inst/O
                         net (fo=7, routed)           1.300     1.521    sw_IBUF[0]
    SLICE_X65Y12         LUT4 (Prop_lut4_I2_O)        0.045     1.566 r  seg_OBUF[0]_inst_i_1/O
                         net (fo=1, routed)           0.331     1.897    seg_OBUF[0]
    U7                   OBUF (Prop_obuf_I_O)         1.232     3.129 r  seg_OBUF[0]_inst/O
                         net (fo=0)                   0.000     3.129    seg[0]
    U7                                                                r  seg[0] (OUT)
  -------------------------------------------------------------------    -------------------

Slack:                    inf
  Source:                 sw[0]
                            (input port)
  Destination:            seg[2]
                            (output port)
  Path Group:             (none)
  Path Type:              Min at Fast Process Corner
  Data Path Delay:        3.267ns  (logic 1.487ns (45.509%)  route 1.780ns (54.491%))
  Logic Levels:           3  (IBUF=1 LUT4=1 OBUF=1)

    Location             Delay type                Incr(ns)  Path(ns)    Netlist Resource(s)
  -------------------------------------------------------------------    -------------------
    V17                                               0.000     0.000 r  sw[0] (IN)
                         net (fo=0)                   0.000     0.000    sw[0]
    V17                  IBUF (Prop_ibuf_I_O)         0.221     0.221 r  sw_IBUF[0]_inst/O
                         net (fo=7, routed)           1.453     1.674    decoder_uut/sw_IBUF[0]
    SLICE_X65Y17         LUT4 (Prop_lut4_I3_O)        0.045     1.719 r  decoder_uut/seg_OBUF[2]_inst_i_1/O
                         net (fo=1, routed)           0.327     2.046    seg_OBUF[2]
    U5                   OBUF (Prop_obuf_I_O)         1.221     3.267 r  seg_OBUF[2]_inst/O
                         net (fo=0)                   0.000     3.267    seg[2]
    U5                                                                r  seg[2] (OUT)
  -------------------------------------------------------------------    -------------------

Slack:                    inf
  Source:                 sw[1]
                            (input port)
  Destination:            seg[5]
                            (output port)
  Path Group:             (none)
  Path Type:              Min at Fast Process Corner
  Data Path Delay:        3.323ns  (logic 1.504ns (45.272%)  route 1.819ns (54.728%))
  Logic Levels:           3  (IBUF=1 LUT4=1 OBUF=1)

    Location             Delay type                Incr(ns)  Path(ns)    Netlist Resource(s)
  -------------------------------------------------------------------    -------------------
    V16                                               0.000     0.000 r  sw[1] (IN)
                         net (fo=0)                   0.000     0.000    sw[1]
    V16                  IBUF (Prop_ibuf_I_O)         0.229     0.229 r  sw_IBUF[1]_inst/O
                         net (fo=7, routed)           1.402     1.632    decoder_uut/sw_IBUF[1]
    SLICE_X65Y17         LUT4 (Prop_lut4_I3_O)        0.045     1.677 r  decoder_uut/seg_OBUF[5]_inst_i_1/O
                         net (fo=1, routed)           0.416     2.093    seg_OBUF[5]
    W6                   OBUF (Prop_obuf_I_O)         1.230     3.323 r  seg_OBUF[5]_inst/O
                         net (fo=0)                   0.000     3.323    seg[5]
    W6                                                                r  seg[5] (OUT)
  -------------------------------------------------------------------    -------------------

Slack:                    inf
  Source:                 sw[0]
                            (input port)
  Destination:            seg[1]
                            (output port)
  Path Group:             (none)
  Path Type:              Min at Fast Process Corner
  Data Path Delay:        3.325ns  (logic 1.537ns (46.216%)  route 1.788ns (53.784%))
  Logic Levels:           3  (IBUF=1 LUT4=1 OBUF=1)

    Location             Delay type                Incr(ns)  Path(ns)    Netlist Resource(s)
  -------------------------------------------------------------------    -------------------
    V17                                               0.000     0.000 r  sw[0] (IN)
                         net (fo=0)                   0.000     0.000    sw[0]
    V17                  IBUF (Prop_ibuf_I_O)         0.221     0.221 r  sw_IBUF[0]_inst/O
                         net (fo=7, routed)           1.453     1.674    decoder_uut/sw_IBUF[0]
    SLICE_X65Y17         LUT4 (Prop_lut4_I2_O)        0.048     1.722 r  decoder_uut/seg_OBUF[1]_inst_i_1/O
                         net (fo=1, routed)           0.335     2.057    seg_OBUF[1]
    V5                   OBUF (Prop_obuf_I_O)         1.268     3.325 r  seg_OBUF[1]_inst/O
                         net (fo=0)                   0.000     3.325    seg[1]
    V5                                                                r  seg[1] (OUT)
  -------------------------------------------------------------------    -------------------

Slack:                    inf
  Source:                 sw[0]
                            (input port)
  Destination:            seg[3]
                            (output port)
  Path Group:             (none)
  Path Type:              Min at Fast Process Corner
  Data Path Delay:        3.361ns  (logic 1.502ns (44.703%)  route 1.858ns (55.297%))
  Logic Levels:           3  (IBUF=1 LUT4=1 OBUF=1)

    Location             Delay type                Incr(ns)  Path(ns)    Netlist Resource(s)
  -------------------------------------------------------------------    -------------------
    V17                                               0.000     0.000 r  sw[0] (IN)
                         net (fo=0)                   0.000     0.000    sw[0]
    V17                  IBUF (Prop_ibuf_I_O)         0.221     0.221 r  sw_IBUF[0]_inst/O
                         net (fo=7, routed)           1.454     1.675    decoder_uut/sw_IBUF[0]
    SLICE_X65Y17         LUT4 (Prop_lut4_I2_O)        0.045     1.720 r  decoder_uut/seg_OBUF[3]_inst_i_1/O
                         net (fo=1, routed)           0.404     2.124    seg_OBUF[3]
    V8                   OBUF (Prop_obuf_I_O)         1.236     3.361 r  seg_OBUF[3]_inst/O
                         net (fo=0)                   0.000     3.361    seg[3]
    V8                                                                r  seg[3] (OUT)
  -------------------------------------------------------------------    -------------------

Slack:                    inf
  Source:                 sw[1]
                            (input port)
  Destination:            seg[6]
                            (output port)
  Path Group:             (none)
  Path Type:              Min at Fast Process Corner
  Data Path Delay:        3.387ns  (logic 1.557ns (45.977%)  route 1.830ns (54.023%))
  Logic Levels:           3  (IBUF=1 LUT4=1 OBUF=1)

    Location             Delay type                Incr(ns)  Path(ns)    Netlist Resource(s)
  -------------------------------------------------------------------    -------------------
    V16                                               0.000     0.000 r  sw[1] (IN)
                         net (fo=0)                   0.000     0.000    sw[1]
    V16                  IBUF (Prop_ibuf_I_O)         0.229     0.229 r  sw_IBUF[1]_inst/O
                         net (fo=7, routed)           1.402     1.632    decoder_uut/sw_IBUF[1]
    SLICE_X65Y17         LUT4 (Prop_lut4_I3_O)        0.051     1.683 r  decoder_uut/seg_OBUF[6]_inst_i_1/O
                         net (fo=1, routed)           0.427     2.110    seg_OBUF[6]
    W7                   OBUF (Prop_obuf_I_O)         1.277     3.387 r  seg_OBUF[6]_inst/O
                         net (fo=0)                   0.000     3.387    seg[6]
    W7                                                                r  seg[6] (OUT)
  -------------------------------------------------------------------    -------------------

Slack:                    inf
  Source:                 sw[0]
                            (input port)
  Destination:            seg[4]
                            (output port)
  Path Group:             (none)
  Path Type:              Min at Fast Process Corner
  Data Path Delay:        3.440ns  (logic 1.573ns (45.731%)  route 1.867ns (54.269%))
  Logic Levels:           3  (IBUF=1 LUT4=1 OBUF=1)

    Location             Delay type                Incr(ns)  Path(ns)    Netlist Resource(s)
  -------------------------------------------------------------------    -------------------
    V17                                               0.000     0.000 f  sw[0] (IN)
                         net (fo=0)                   0.000     0.000    sw[0]
    V17                  IBUF (Prop_ibuf_I_O)         0.221     0.221 f  sw_IBUF[0]_inst/O
                         net (fo=7, routed)           1.454     1.675    decoder_uut/sw_IBUF[0]
    SLICE_X65Y17         LUT4 (Prop_lut4_I1_O)        0.049     1.724 r  decoder_uut/seg_OBUF[4]_inst_i_1/O
                         net (fo=1, routed)           0.412     2.137    seg_OBUF[4]
    U8                   OBUF (Prop_obuf_I_O)         1.303     3.440 r  seg_OBUF[4]_inst/O
                         net (fo=0)                   0.000     3.440    seg[4]
    U8                                                                r  seg[4] (OUT)
  -------------------------------------------------------------------    -------------------

Slack:                    inf
  Source:                 btnC
                            (input port)
  Destination:            an[0]
                            (output port)
  Path Group:             (none)
  Path Type:              Min at Fast Process Corner
  Data Path Delay:        3.527ns  (logic 1.459ns (41.350%)  route 2.069ns (58.650%))
  Logic Levels:           3  (IBUF=1 LUT1=1 OBUF=1)

    Location             Delay type                Incr(ns)  Path(ns)    Netlist Resource(s)
  -------------------------------------------------------------------    -------------------
    U18                                               0.000     0.000 f  btnC (IN)
                         net (fo=0)                   0.000     0.000    btnC
    U18                  IBUF (Prop_ibuf_I_O)         0.210     0.210 f  btnC_IBUF_inst/O
                         net (fo=1, routed)           1.031     1.240    btnC_IBUF
    SLICE_X32Y22         LUT1 (Prop_lut1_I0_O)        0.045     1.285 r  an_OBUF[0]_inst_i_1/O
                         net (fo=1, routed)           1.038     2.323    an_OBUF[0]
    U2                   OBUF (Prop_obuf_I_O)         1.204     3.527 r  an_OBUF[0]_inst/O
                         net (fo=0)                   0.000     3.527    an[0]
    U2                                                                r  an[0] (OUT)
  -------------------------------------------------------------------    -------------------





